Archive member included because of file (symbol)

c:/winavr-20071221/bin/../lib/gcc/avr/4.2.2/avr6\libgcc.a(_udivmodqi4.o)
                              piano.o (__udivmodqi4)
c:/winavr-20071221/bin/../lib/gcc/avr/4.2.2/avr6\libgcc.a(_udivmodhi4.o)
                              uart.o (__udivmodhi4)
c:/winavr-20071221/bin/../lib/gcc/avr/4.2.2/avr6\libgcc.a(_divmodhi4.o)
                              piano.o (__divmodhi4)
c:/winavr-20071221/bin/../lib/gcc/avr/4.2.2/avr6\libgcc.a(_divmodsi4.o)
                              piano.o (__divmodsi4)
c:/winavr-20071221/bin/../lib/gcc/avr/4.2.2/avr6\libgcc.a(_exit.o)
                              c:/winavr-20071221/bin/../lib/gcc/avr/4.2.2/../../../../avr/lib/avr6/crtm2560.o (exit)
c:/winavr-20071221/bin/../lib/gcc/avr/4.2.2/avr6\libgcc.a(_clear_bss.o)
                              piano.o (__do_clear_bss)
c:/winavr-20071221/bin/../lib/gcc/avr/4.2.2/avr6\libgcc.a(_udivmodsi4.o)
                              c:/winavr-20071221/bin/../lib/gcc/avr/4.2.2/avr6\libgcc.a(_divmodsi4.o) (__udivmodsi4)

Allocating common symbols
Common symbol       size              file

output_queue        0x42              uart.o
input_queue         0x42              uart.o
nota                0x2               piano.o
cola                0x192             piano.o

Memory Configuration

Name             Origin             Length             Attributes
text             0x00000000         0x00100000         xr
data             0x00800060         0x0000ffa0         rw !x
eeprom           0x00810000         0x00010000         rw !x
fuse             0x00820000         0x00000400         rw !x
lock             0x00830000         0x00000400         rw !x
signature        0x00840000         0x00000400         rw !x
*default*        0x00000000         0xffffffff

Linker script and memory map

Address of section .data set to 0x800200
LOAD c:/winavr-20071221/bin/../lib/gcc/avr/4.2.2/../../../../avr/lib/avr6/crtm2560.o
LOAD piano.o
LOAD uart.o
LOAD c:/winavr-20071221/bin/../lib/gcc/avr/4.2.2/avr6\libgcc.a
LOAD c:/winavr-20071221/bin/../lib/gcc/avr/4.2.2/../../../../avr/lib/avr6\libc.a
LOAD c:/winavr-20071221/bin/../lib/gcc/avr/4.2.2/avr6\libgcc.a

.hash
 *(.hash)

.dynsym
 *(.dynsym)

.dynstr
 *(.dynstr)

.gnu.version
 *(.gnu.version)

.gnu.version_d
 *(.gnu.version_d)

.gnu.version_r
 *(.gnu.version_r)

.rel.init
 *(.rel.init)

.rela.init
 *(.rela.init)

.rel.text
 *(.rel.text)
 *(.rel.text.*)
 *(.rel.gnu.linkonce.t*)

.rela.text
 *(.rela.text)
 *(.rela.text.*)
 *(.rela.gnu.linkonce.t*)

.rel.fini
 *(.rel.fini)

.rela.fini
 *(.rela.fini)

.rel.rodata
 *(.rel.rodata)
 *(.rel.rodata.*)
 *(.rel.gnu.linkonce.r*)

.rela.rodata
 *(.rela.rodata)
 *(.rela.rodata.*)
 *(.rela.gnu.linkonce.r*)

.rel.data
 *(.rel.data)
 *(.rel.data.*)
 *(.rel.gnu.linkonce.d*)

.rela.data
 *(.rela.data)
 *(.rela.data.*)
 *(.rela.gnu.linkonce.d*)

.rel.ctors
 *(.rel.ctors)

.rela.ctors
 *(.rela.ctors)

.rel.dtors
 *(.rel.dtors)

.rela.dtors
 *(.rela.dtors)

.rel.got
 *(.rel.got)

.rela.got
 *(.rela.got)

.rel.bss
 *(.rel.bss)

.rela.bss
 *(.rela.bss)

.rel.plt
 *(.rel.plt)

.rela.plt
 *(.rela.plt)

.text           0x00000000     0x10ce
 *(.vectors)
 .vectors       0x00000000       0xe4 c:/winavr-20071221/bin/../lib/gcc/avr/4.2.2/../../../../avr/lib/avr6/crtm2560.o
                0x00000000                __vectors
                0x00000000                __vector_default
 *(.vectors)
 *(.progmem.gcc*)
 *(.progmem*)
                0x000000e4                . = ALIGN (0x2)
                0x000000e4                __trampolines_start = .
 *(.trampolines)
 .trampolines   0x000000e4        0x0 linker stubs
 *(.trampolines*)
                0x000000e4                __trampolines_end = .
 *(.jumptables)
 *(.jumptables*)
 *(.lowtext)
 *(.lowtext*)
                0x000000e4                __ctors_start = .
 *(.ctors)
                0x000000e4                __ctors_end = .
                0x000000e4                __dtors_start = .
 *(.dtors)
                0x000000e4                __dtors_end = .
 SORT(*)(.ctors)
 SORT(*)(.dtors)
 *(.init0)
 .init0         0x000000e4        0x0 c:/winavr-20071221/bin/../lib/gcc/avr/4.2.2/../../../../avr/lib/avr6/crtm2560.o
                0x000000e4                __init
 *(.init0)
 *(.init1)
 *(.init1)
 *(.init2)
 .init2         0x000000e4       0x10 c:/winavr-20071221/bin/../lib/gcc/avr/4.2.2/../../../../avr/lib/avr6/crtm2560.o
 *(.init2)
 *(.init3)
 *(.init3)
 *(.init4)
 .init4         0x000000f4       0x1a c:/winavr-20071221/bin/../lib/gcc/avr/4.2.2/../../../../avr/lib/avr6/crtm2560.o
                0x000000f4                __do_copy_data
 .init4         0x0000010e       0x10 c:/winavr-20071221/bin/../lib/gcc/avr/4.2.2/avr6\libgcc.a(_clear_bss.o)
                0x0000010e                __do_clear_bss
 *(.init4)
 *(.init5)
 *(.init5)
 *(.init6)
 *(.init6)
 *(.init7)
 *(.init7)
 *(.init8)
 *(.init8)
 *(.init9)
 .init9         0x0000011e        0x8 c:/winavr-20071221/bin/../lib/gcc/avr/4.2.2/../../../../avr/lib/avr6/crtm2560.o
 *(.init9)
 *(.text)
 .text          0x00000126        0x4 c:/winavr-20071221/bin/../lib/gcc/avr/4.2.2/../../../../avr/lib/avr6/crtm2560.o
                0x00000126                __vector_38
                0x00000126                __vector_22
                0x00000126                __vector_28
                0x00000126                __vector_1
                0x00000126                __vector_32
                0x00000126                __vector_34
                0x00000126                __vector_24
                0x00000126                __vector_12
                0x00000126                __vector_55
                0x00000126                __vector_46
                0x00000126                __bad_interrupt
                0x00000126                __vector_6
                0x00000126                __vector_31
                0x00000126                __vector_35
                0x00000126                __vector_39
                0x00000126                __vector_3
                0x00000126                __vector_23
                0x00000126                __vector_30
                0x00000126                __vector_45
                0x00000126                __vector_11
                0x00000126                __vector_54
                0x00000126                __vector_13
                0x00000126                __vector_17
                0x00000126                __vector_19
                0x00000126                __vector_56
                0x00000126                __vector_7
                0x00000126                __vector_49
                0x00000126                __vector_41
                0x00000126                __vector_43
                0x00000126                __vector_27
                0x00000126                __vector_5
                0x00000126                __vector_33
                0x00000126                __vector_47
                0x00000126                __vector_52
                0x00000126                __vector_37
                0x00000126                __vector_4
                0x00000126                __vector_44
                0x00000126                __vector_51
                0x00000126                __vector_9
                0x00000126                __vector_2
                0x00000126                __vector_21
                0x00000126                __vector_15
                0x00000126                __vector_36
                0x00000126                __vector_29
                0x00000126                __vector_40
                0x00000126                __vector_8
                0x00000126                __vector_48
                0x00000126                __vector_14
                0x00000126                __vector_53
                0x00000126                __vector_10
                0x00000126                __vector_50
                0x00000126                __vector_16
                0x00000126                __vector_18
                0x00000126                __vector_20
                0x00000126                __vector_42
 .text          0x0000012a      0x56c piano.o
                0x0000044a                play
                0x0000012a                main
                0x00000610                delay
                0x00000180                record
 .text          0x00000696      0x956 uart.o
                0x00000e86                itoa
                0x00000ae4                setColor
                0x0000072c                __vector_25
                0x000008d8                UART0_getchar
                0x00000bba                clr_screen
                0x00000a52                gotoXY
                0x0000084a                UART0_puts
                0x0000092a                UART0_getch
                0x00000896                UART0_available
                0x00000696                __vector_26
                0x00000f66                UART0_AutoBaudRate
                0x000007c8                UART0_putchar
                0x00000bd8                UART_init
                0x00000dd8                atoi
                0x00000974                UART0_gets
 .text          0x00000fec        0x0 c:/winavr-20071221/bin/../lib/gcc/avr/4.2.2/avr6\libgcc.a(_udivmodqi4.o)
 .text          0x00000fec        0x0 c:/winavr-20071221/bin/../lib/gcc/avr/4.2.2/avr6\libgcc.a(_udivmodhi4.o)
 .text          0x00000fec        0x0 c:/winavr-20071221/bin/../lib/gcc/avr/4.2.2/avr6\libgcc.a(_divmodhi4.o)
 .text          0x00000fec        0x0 c:/winavr-20071221/bin/../lib/gcc/avr/4.2.2/avr6\libgcc.a(_divmodsi4.o)
 .text          0x00000fec        0x0 c:/winavr-20071221/bin/../lib/gcc/avr/4.2.2/avr6\libgcc.a(_exit.o)
 .text          0x00000fec        0x0 c:/winavr-20071221/bin/../lib/gcc/avr/4.2.2/avr6\libgcc.a(_clear_bss.o)
 .text          0x00000fec        0x0 c:/winavr-20071221/bin/../lib/gcc/avr/4.2.2/avr6\libgcc.a(_udivmodsi4.o)
                0x00000fec                . = ALIGN (0x2)
 *(.text.*)
 .text.libgcc   0x00000fec       0x18 c:/winavr-20071221/bin/../lib/gcc/avr/4.2.2/avr6\libgcc.a(_udivmodqi4.o)
                0x00000fec                __udivmodqi4
 .text.libgcc   0x00001004       0x28 c:/winavr-20071221/bin/../lib/gcc/avr/4.2.2/avr6\libgcc.a(_udivmodhi4.o)
                0x00001004                __udivmodhi4
 .text.libgcc   0x0000102c       0x26 c:/winavr-20071221/bin/../lib/gcc/avr/4.2.2/avr6\libgcc.a(_divmodhi4.o)
                0x0000102c                __divmodhi4
                0x0000102c                _div
 .text.libgcc   0x00001052       0x36 c:/winavr-20071221/bin/../lib/gcc/avr/4.2.2/avr6\libgcc.a(_divmodsi4.o)
                0x00001052                __divmodsi4
 .text.libgcc   0x00001088        0x0 c:/winavr-20071221/bin/../lib/gcc/avr/4.2.2/avr6\libgcc.a(_exit.o)
 .text.libgcc   0x00001088        0x0 c:/winavr-20071221/bin/../lib/gcc/avr/4.2.2/avr6\libgcc.a(_clear_bss.o)
 .text.libgcc   0x00001088       0x44 c:/winavr-20071221/bin/../lib/gcc/avr/4.2.2/avr6\libgcc.a(_udivmodsi4.o)
                0x00001088                __udivmodsi4
                0x000010cc                . = ALIGN (0x2)
 *(.fini9)
 .fini9         0x000010cc        0x0 c:/winavr-20071221/bin/../lib/gcc/avr/4.2.2/avr6\libgcc.a(_exit.o)
                0x000010cc                exit
                0x000010cc                _exit
 *(.fini9)
 *(.fini8)
 *(.fini8)
 *(.fini7)
 *(.fini7)
 *(.fini6)
 *(.fini6)
 *(.fini5)
 *(.fini5)
 *(.fini4)
 *(.fini4)
 *(.fini3)
 *(.fini3)
 *(.fini2)
 *(.fini2)
 *(.fini1)
 *(.fini1)
 *(.fini0)
 .fini0         0x000010cc        0x2 c:/winavr-20071221/bin/../lib/gcc/avr/4.2.2/avr6\libgcc.a(_exit.o)
 *(.fini0)
                0x000010ce                _etext = .

.data           0x00800200       0x7e load address 0x000010ce
                0x00800200                PROVIDE (__data_start, .)
 *(.data)
 .data          0x00800200        0x0 c:/winavr-20071221/bin/../lib/gcc/avr/4.2.2/../../../../avr/lib/avr6/crtm2560.o
 .data          0x00800200       0x66 piano.o
 .data          0x00800266       0x18 uart.o
 .data          0x0080027e        0x0 c:/winavr-20071221/bin/../lib/gcc/avr/4.2.2/avr6\libgcc.a(_udivmodqi4.o)
 .data          0x0080027e        0x0 c:/winavr-20071221/bin/../lib/gcc/avr/4.2.2/avr6\libgcc.a(_udivmodhi4.o)
 .data          0x0080027e        0x0 c:/winavr-20071221/bin/../lib/gcc/avr/4.2.2/avr6\libgcc.a(_divmodhi4.o)
 .data          0x0080027e        0x0 c:/winavr-20071221/bin/../lib/gcc/avr/4.2.2/avr6\libgcc.a(_divmodsi4.o)
 .data          0x0080027e        0x0 c:/winavr-20071221/bin/../lib/gcc/avr/4.2.2/avr6\libgcc.a(_exit.o)
 .data          0x0080027e        0x0 c:/winavr-20071221/bin/../lib/gcc/avr/4.2.2/avr6\libgcc.a(_clear_bss.o)
 .data          0x0080027e        0x0 c:/winavr-20071221/bin/../lib/gcc/avr/4.2.2/avr6\libgcc.a(_udivmodsi4.o)
 *(.data*)
 *(.rodata)
 *(.rodata*)
 *(.gnu.linkonce.d*)
                0x0080027e                . = ALIGN (0x2)
                0x0080027e                _edata = .
                0x0080027e                PROVIDE (__data_end, .)

.bss            0x0080027e      0x21f load address 0x0000114c
                0x0080027e                PROVIDE (__bss_start, .)
 *(.bss)
 .bss           0x0080027e        0x0 c:/winavr-20071221/bin/../lib/gcc/avr/4.2.2/../../../../avr/lib/avr6/crtm2560.o
 .bss           0x0080027e        0x4 piano.o
                0x00800281                t
                0x0080027e                ms
                0x00800280                h
 .bss           0x00800282        0x3 uart.o
 .bss           0x00800285        0x0 c:/winavr-20071221/bin/../lib/gcc/avr/4.2.2/avr6\libgcc.a(_udivmodqi4.o)
 .bss           0x00800285        0x0 c:/winavr-20071221/bin/../lib/gcc/avr/4.2.2/avr6\libgcc.a(_udivmodhi4.o)
 .bss           0x00800285        0x0 c:/winavr-20071221/bin/../lib/gcc/avr/4.2.2/avr6\libgcc.a(_divmodhi4.o)
 .bss           0x00800285        0x0 c:/winavr-20071221/bin/../lib/gcc/avr/4.2.2/avr6\libgcc.a(_divmodsi4.o)
 .bss           0x00800285        0x0 c:/winavr-20071221/bin/../lib/gcc/avr/4.2.2/avr6\libgcc.a(_exit.o)
 .bss           0x00800285        0x0 c:/winavr-20071221/bin/../lib/gcc/avr/4.2.2/avr6\libgcc.a(_clear_bss.o)
 .bss           0x00800285        0x0 c:/winavr-20071221/bin/../lib/gcc/avr/4.2.2/avr6\libgcc.a(_udivmodsi4.o)
 *(.bss*)
 *(COMMON)
 COMMON         0x00800285      0x194 piano.o
                0x00800285                nota
                0x00800287                cola
 COMMON         0x00800419       0x84 uart.o
                0x00800419                output_queue
                0x0080045b                input_queue
                0x0080049d                PROVIDE (__bss_end, .)
                0x000010ce                __data_load_start = LOADADDR (.data)
                0x0000114c                __data_load_end = (__data_load_start + SIZEOF (.data))

.noinit         0x0080049d        0x0
                0x0080049d                PROVIDE (__noinit_start, .)
 *(.noinit*)
                0x0080049d                PROVIDE (__noinit_end, .)
                0x0080049d                _end = .
                0x0080049d                PROVIDE (__heap_start, .)

.eeprom         0x00810000        0x0
 *(.eeprom*)
                0x00810000                __eeprom_end = .

.fuse
 *(.fuse)
 *(.lfuse)
 *(.hfuse)
 *(.efuse)

.lock
 *(.lock*)

.signature
 *(.signature*)

.stab           0x00000000      0x42c
 *(.stab)
 .stab          0x00000000      0x42c c:/winavr-20071221/bin/../lib/gcc/avr/4.2.2/../../../../avr/lib/avr6/crtm2560.o

.stabstr        0x00000000       0x5f
 *(.stabstr)
 .stabstr       0x00000000       0x5f c:/winavr-20071221/bin/../lib/gcc/avr/4.2.2/../../../../avr/lib/avr6/crtm2560.o

.stab.excl
 *(.stab.excl)

.stab.exclstr
 *(.stab.exclstr)

.stab.index
 *(.stab.index)

.stab.indexstr
 *(.stab.indexstr)

.comment
 *(.comment)

.debug
 *(.debug)

.line
 *(.line)

.debug_srcinfo
 *(.debug_srcinfo)

.debug_sfnames
 *(.debug_sfnames)

.debug_aranges  0x00000000       0x40
 *(.debug_aranges)
 .debug_aranges
                0x00000000       0x20 piano.o
 .debug_aranges
                0x00000020       0x20 uart.o

.debug_pubnames
                0x00000000      0x175
 *(.debug_pubnames)
 .debug_pubnames
                0x00000000       0x5e piano.o
 .debug_pubnames
                0x0000005e      0x117 uart.o

.debug_info     0x00000000      0x7dd
 *(.debug_info)
 .debug_info    0x00000000      0x21e piano.o
 .debug_info    0x0000021e      0x5bf uart.o
 *(.gnu.linkonce.wi.*)

.debug_abbrev   0x00000000      0x24b
 *(.debug_abbrev)
 .debug_abbrev  0x00000000       0xbe piano.o
 .debug_abbrev  0x000000be      0x18d uart.o

.debug_line     0x00000000      0x7c5
 *(.debug_line)
 .debug_line    0x00000000      0x289 piano.o
 .debug_line    0x00000289      0x53c uart.o

.debug_frame    0x00000000      0x150
 *(.debug_frame)
 .debug_frame   0x00000000       0x50 piano.o
 .debug_frame   0x00000050      0x100 uart.o

.debug_str
 *(.debug_str)

.debug_loc
 *(.debug_loc)

.debug_macinfo
 *(.debug_macinfo)
OUTPUT(C_codes.elf elf32-avr)
LOAD linker stubs
