Archive member included because of file (symbol)

c:/winavr-20100110/bin/../lib/gcc/avr/4.3.3/avr6\libgcc.a(_udivmodqi4.o)
                              uart.o (__udivmodqi4)
c:/winavr-20100110/bin/../lib/gcc/avr/4.3.3/avr6\libgcc.a(_udivmodhi4.o)
                              uart.o (__udivmodhi4)
c:/winavr-20100110/bin/../lib/gcc/avr/4.3.3/avr6\libgcc.a(_divmodhi4.o)
                              uart.o (__divmodhi4)
c:/winavr-20100110/bin/../lib/gcc/avr/4.3.3/avr6\libgcc.a(_divmodsi4.o)
                              uart.o (__divmodsi4)
c:/winavr-20100110/bin/../lib/gcc/avr/4.3.3/avr6\libgcc.a(_exit.o)
                              c:/winavr-20100110/bin/../lib/gcc/avr/4.3.3/../../../../avr/lib/avr6/crtm2560.o (exit)
c:/winavr-20100110/bin/../lib/gcc/avr/4.3.3/avr6\libgcc.a(_clear_bss.o)
                              p11.o (__do_clear_bss)
c:/winavr-20100110/bin/../lib/gcc/avr/4.3.3/avr6\libgcc.a(_udivmodsi4.o)
                              c:/winavr-20100110/bin/../lib/gcc/avr/4.3.3/avr6\libgcc.a(_divmodsi4.o) (__udivmodsi4)

Allocating common symbols
Common symbol       size              file

output_queue        0x42              uart.o
input_queue         0x42              uart.o
cad                 0x64              Timer.o
current_song        0xc               songs.o

Memory Configuration

Name             Origin             Length             Attributes
text             0x00000000         0x00100000         xr
data             0x00800200         0x0000fe00         rw !x
eeprom           0x00810000         0x00010000         rw !x
fuse             0x00820000         0x00000400         rw !x
lock             0x00830000         0x00000400         rw !x
signature        0x00840000         0x00000400         rw !x
*default*        0x00000000         0xffffffff

Linker script and memory map

Address of section .data set to 0x800200
LOAD c:/winavr-20100110/bin/../lib/gcc/avr/4.3.3/../../../../avr/lib/avr6/crtm2560.o
LOAD p11.o
LOAD uart.o
LOAD Timer.o
LOAD button.o
LOAD songs.o
LOAD c:/winavr-20100110/bin/../lib/gcc/avr/4.3.3/avr6\libgcc.a
LOAD c:/winavr-20100110/bin/../lib/gcc/avr/4.3.3/../../../../avr/lib/avr6\libc.a
LOAD c:/winavr-20100110/bin/../lib/gcc/avr/4.3.3/avr6\libgcc.a

.hash
 *(.hash)

.dynsym
 *(.dynsym)

.dynstr
 *(.dynstr)

.gnu.version
 *(.gnu.version)

.gnu.version_d
 *(.gnu.version_d)

.gnu.version_r
 *(.gnu.version_r)

.rel.init
 *(.rel.init)

.rela.init
 *(.rela.init)

.rel.text
 *(.rel.text)
 *(.rel.text.*)
 *(.rel.gnu.linkonce.t*)

.rela.text
 *(.rela.text)
 *(.rela.text.*)
 *(.rela.gnu.linkonce.t*)

.rel.fini
 *(.rel.fini)

.rela.fini
 *(.rela.fini)

.rel.rodata
 *(.rel.rodata)
 *(.rel.rodata.*)
 *(.rel.gnu.linkonce.r*)

.rela.rodata
 *(.rela.rodata)
 *(.rela.rodata.*)
 *(.rela.gnu.linkonce.r*)

.rel.data
 *(.rel.data)
 *(.rel.data.*)
 *(.rel.gnu.linkonce.d*)

.rela.data
 *(.rela.data)
 *(.rela.data.*)
 *(.rela.gnu.linkonce.d*)

.rel.ctors
 *(.rel.ctors)

.rela.ctors
 *(.rela.ctors)

.rel.dtors
 *(.rel.dtors)

.rela.dtors
 *(.rela.dtors)

.rel.got
 *(.rel.got)

.rela.got
 *(.rela.got)

.rel.bss
 *(.rel.bss)

.rela.bss
 *(.rela.bss)

.rel.plt
 *(.rel.plt)

.rela.plt
 *(.rela.plt)

.text           0x00000000     0x1f8a
 *(.vectors)
 .vectors       0x00000000       0xe4 c:/winavr-20100110/bin/../lib/gcc/avr/4.3.3/../../../../avr/lib/avr6/crtm2560.o
                0x00000000                __vectors
                0x00000000                __vector_default
 *(.vectors)
 *(.progmem.gcc*)
 *(.progmem*)
 .progmem.data  0x000000e4      0xc60 songs.o
                0x000008c4                Mario
                0x000001fc                AngelesAzules
                0x00000364                DragonBallGT
                0x000000e4                ImperialMarch
                0x00000560                Clocks
                0x00000d44                . = ALIGN (0x2)
                0x00000d44                __trampolines_start = .
 *(.trampolines)
 .trampolines   0x00000d44        0x0 linker stubs
 *(.trampolines*)
                0x00000d44                __trampolines_end = .
 *(.jumptables)
 *(.jumptables*)
 *(.lowtext)
 *(.lowtext*)
                0x00000d44                __ctors_start = .
 *(.ctors)
                0x00000d44                __ctors_end = .
                0x00000d44                __dtors_start = .
 *(.dtors)
                0x00000d44                __dtors_end = .
 SORT(*)(.ctors)
 SORT(*)(.dtors)
 *(.init0)
 .init0         0x00000d44        0x0 c:/winavr-20100110/bin/../lib/gcc/avr/4.3.3/../../../../avr/lib/avr6/crtm2560.o
                0x00000d44                __init
 *(.init0)
 *(.init1)
 *(.init1)
 *(.init2)
 .init2         0x00000d44       0x10 c:/winavr-20100110/bin/../lib/gcc/avr/4.3.3/../../../../avr/lib/avr6/crtm2560.o
 *(.init2)
 *(.init3)
 *(.init3)
 *(.init4)
 .init4         0x00000d54       0x1a c:/winavr-20100110/bin/../lib/gcc/avr/4.3.3/../../../../avr/lib/avr6/crtm2560.o
                0x00000d54                __do_copy_data
 .init4         0x00000d6e       0x10 c:/winavr-20100110/bin/../lib/gcc/avr/4.3.3/avr6\libgcc.a(_clear_bss.o)
                0x00000d6e                __do_clear_bss
 *(.init4)
 *(.init5)
 *(.init5)
 *(.init6)
 *(.init6)
 *(.init7)
 *(.init7)
 *(.init8)
 *(.init8)
 *(.init9)
 .init9         0x00000d7e        0x8 c:/winavr-20100110/bin/../lib/gcc/avr/4.3.3/../../../../avr/lib/avr6/crtm2560.o
 *(.init9)
 *(.text)
 .text          0x00000d86        0x4 c:/winavr-20100110/bin/../lib/gcc/avr/4.3.3/../../../../avr/lib/avr6/crtm2560.o
                0x00000d86                __vector_38
                0x00000d86                __vector_22
                0x00000d86                __vector_28
                0x00000d86                __vector_1
                0x00000d86                __vector_32
                0x00000d86                __vector_34
                0x00000d86                __vector_24
                0x00000d86                __vector_12
                0x00000d86                __vector_55
                0x00000d86                __vector_46
                0x00000d86                __bad_interrupt
                0x00000d86                __vector_6
                0x00000d86                __vector_31
                0x00000d86                __vector_35
                0x00000d86                __vector_39
                0x00000d86                __vector_3
                0x00000d86                __vector_23
                0x00000d86                __vector_30
                0x00000d86                __vector_45
                0x00000d86                __vector_11
                0x00000d86                __vector_54
                0x00000d86                __vector_13
                0x00000d86                __vector_17
                0x00000d86                __vector_19
                0x00000d86                __vector_56
                0x00000d86                __vector_7
                0x00000d86                __vector_49
                0x00000d86                __vector_41
                0x00000d86                __vector_43
                0x00000d86                __vector_27
                0x00000d86                __vector_5
                0x00000d86                __vector_33
                0x00000d86                __vector_47
                0x00000d86                __vector_52
                0x00000d86                __vector_37
                0x00000d86                __vector_4
                0x00000d86                __vector_44
                0x00000d86                __vector_51
                0x00000d86                __vector_9
                0x00000d86                __vector_2
                0x00000d86                __vector_15
                0x00000d86                __vector_36
                0x00000d86                __vector_29
                0x00000d86                __vector_40
                0x00000d86                __vector_8
                0x00000d86                __vector_48
                0x00000d86                __vector_14
                0x00000d86                __vector_53
                0x00000d86                __vector_10
                0x00000d86                __vector_50
                0x00000d86                __vector_16
                0x00000d86                __vector_18
                0x00000d86                __vector_20
                0x00000d86                __vector_42
 .text          0x00000d8a      0x1e6 p11.o
                0x00000d8a                main
 .text          0x00000f70      0x902 uart.o
                0x0000170c                itoa
                0x00001374                setColor
                0x00001006                __vector_25
                0x000011b2                UART0_getchar
                0x0000144a                clr_screen
                0x000012e2                gotoXY
                0x00001124                UART0_puts
                0x00001170                UART0_available
                0x00000f70                __vector_26
                0x000017ec                UART0_AutoBaudRate
                0x000010a2                UART0_putchar
                0x00001468                UART_init
                0x0000165e                atoi
                0x00001204                UART0_gets
 .text          0x00001872      0x480 Timer.o
                0x00001b3e                Timer2_Freq_Gen
                0x00001872                Timer0_init
                0x00001b80                Timer2_Play
                0x00001c28                Timer2_Volume
                0x000018b8                __vector_21
 .text          0x00001cf2      0x1b4 button.o
                0x00001cf2                setup_port
                0x00001d16                checkButton
 .text          0x00001ea6        0x0 songs.o
 .text          0x00001ea6        0x0 c:/winavr-20100110/bin/../lib/gcc/avr/4.3.3/avr6\libgcc.a(_udivmodqi4.o)
 .text          0x00001ea6        0x0 c:/winavr-20100110/bin/../lib/gcc/avr/4.3.3/avr6\libgcc.a(_udivmodhi4.o)
 .text          0x00001ea6        0x0 c:/winavr-20100110/bin/../lib/gcc/avr/4.3.3/avr6\libgcc.a(_divmodhi4.o)
 .text          0x00001ea6        0x0 c:/winavr-20100110/bin/../lib/gcc/avr/4.3.3/avr6\libgcc.a(_divmodsi4.o)
 .text          0x00001ea6        0x0 c:/winavr-20100110/bin/../lib/gcc/avr/4.3.3/avr6\libgcc.a(_exit.o)
 .text          0x00001ea6        0x0 c:/winavr-20100110/bin/../lib/gcc/avr/4.3.3/avr6\libgcc.a(_clear_bss.o)
 .text          0x00001ea6        0x0 c:/winavr-20100110/bin/../lib/gcc/avr/4.3.3/avr6\libgcc.a(_udivmodsi4.o)
                0x00001ea6                . = ALIGN (0x2)
 *(.text.*)
 .text.libgcc   0x00001ea6       0x18 c:/winavr-20100110/bin/../lib/gcc/avr/4.3.3/avr6\libgcc.a(_udivmodqi4.o)
                0x00001ea6                __udivmodqi4
 .text.libgcc   0x00001ebe       0x28 c:/winavr-20100110/bin/../lib/gcc/avr/4.3.3/avr6\libgcc.a(_udivmodhi4.o)
                0x00001ebe                __udivmodhi4
 .text.libgcc   0x00001ee6       0x26 c:/winavr-20100110/bin/../lib/gcc/avr/4.3.3/avr6\libgcc.a(_divmodhi4.o)
                0x00001ee6                __divmodhi4
                0x00001ee6                _div
 .text.libgcc   0x00001f0c       0x36 c:/winavr-20100110/bin/../lib/gcc/avr/4.3.3/avr6\libgcc.a(_divmodsi4.o)
                0x00001f0c                __divmodsi4
 .text.libgcc   0x00001f42        0x0 c:/winavr-20100110/bin/../lib/gcc/avr/4.3.3/avr6\libgcc.a(_exit.o)
 .text.libgcc   0x00001f42        0x0 c:/winavr-20100110/bin/../lib/gcc/avr/4.3.3/avr6\libgcc.a(_clear_bss.o)
 .text.libgcc   0x00001f42       0x44 c:/winavr-20100110/bin/../lib/gcc/avr/4.3.3/avr6\libgcc.a(_udivmodsi4.o)
                0x00001f42                __udivmodsi4
                0x00001f86                . = ALIGN (0x2)
 *(.fini9)
 .fini9         0x00001f86        0x0 c:/winavr-20100110/bin/../lib/gcc/avr/4.3.3/avr6\libgcc.a(_exit.o)
                0x00001f86                exit
                0x00001f86                _exit
 *(.fini9)
 *(.fini8)
 *(.fini8)
 *(.fini7)
 *(.fini7)
 *(.fini6)
 *(.fini6)
 *(.fini5)
 *(.fini5)
 *(.fini4)
 *(.fini4)
 *(.fini3)
 *(.fini3)
 *(.fini2)
 *(.fini2)
 *(.fini1)
 *(.fini1)
 *(.fini0)
 .fini0         0x00001f86        0x4 c:/winavr-20100110/bin/../lib/gcc/avr/4.3.3/avr6\libgcc.a(_exit.o)
 *(.fini0)
                0x00001f8a                _etext = .

.data           0x00800200       0x82 load address 0x00001f8a
                0x00800200                PROVIDE (__data_start, .)
 *(.data)
 .data          0x00800200        0x0 c:/winavr-20100110/bin/../lib/gcc/avr/4.3.3/../../../../avr/lib/avr6/crtm2560.o
 .data          0x00800200       0x31 p11.o
 .data          0x00800231       0x18 uart.o
 .data          0x00800249        0x6 Timer.o
                0x00800249                volume
 .data          0x0080024f       0x1e button.o
 .data          0x0080026d       0x15 songs.o
                0x0080026d                all_songs
                0x00800277                songs_size
                0x00800281                songs_counter
 .data          0x00800282        0x0 c:/winavr-20100110/bin/../lib/gcc/avr/4.3.3/avr6\libgcc.a(_udivmodqi4.o)
 .data          0x00800282        0x0 c:/winavr-20100110/bin/../lib/gcc/avr/4.3.3/avr6\libgcc.a(_udivmodhi4.o)
 .data          0x00800282        0x0 c:/winavr-20100110/bin/../lib/gcc/avr/4.3.3/avr6\libgcc.a(_divmodhi4.o)
 .data          0x00800282        0x0 c:/winavr-20100110/bin/../lib/gcc/avr/4.3.3/avr6\libgcc.a(_divmodsi4.o)
 .data          0x00800282        0x0 c:/winavr-20100110/bin/../lib/gcc/avr/4.3.3/avr6\libgcc.a(_exit.o)
 .data          0x00800282        0x0 c:/winavr-20100110/bin/../lib/gcc/avr/4.3.3/avr6\libgcc.a(_clear_bss.o)
 .data          0x00800282        0x0 c:/winavr-20100110/bin/../lib/gcc/avr/4.3.3/avr6\libgcc.a(_udivmodsi4.o)
 *(.data*)
 *(.rodata)
 *(.rodata*)
 *(.gnu.linkonce.d*)
                0x00800282                . = ALIGN (0x2)
                0x00800282                _edata = .
                0x00800282                PROVIDE (__data_end, .)

.bss            0x00800282      0x107
                0x00800282                PROVIDE (__bss_start, .)
 *(.bss)
 .bss           0x00800282        0x0 c:/winavr-20100110/bin/../lib/gcc/avr/4.3.3/../../../../avr/lib/avr6/crtm2560.o
 .bss           0x00800282        0x0 p11.o
 .bss           0x00800282        0x2 uart.o
 .bss           0x00800284        0xe Timer.o
                0x00800291                pause
                0x00800288                played_notes
                0x0080028c                silence_start
                0x00800284                ms
                0x00800290                play
                0x0080028a                volume_index
                0x0080028b                first
 .bss           0x00800292        0x2 button.o
 .bss           0x00800294        0x1 songs.o
                0x00800294                song_index
 .bss           0x00800295        0x0 c:/winavr-20100110/bin/../lib/gcc/avr/4.3.3/avr6\libgcc.a(_udivmodqi4.o)
 .bss           0x00800295        0x0 c:/winavr-20100110/bin/../lib/gcc/avr/4.3.3/avr6\libgcc.a(_udivmodhi4.o)
 .bss           0x00800295        0x0 c:/winavr-20100110/bin/../lib/gcc/avr/4.3.3/avr6\libgcc.a(_divmodhi4.o)
 .bss           0x00800295        0x0 c:/winavr-20100110/bin/../lib/gcc/avr/4.3.3/avr6\libgcc.a(_divmodsi4.o)
 .bss           0x00800295        0x0 c:/winavr-20100110/bin/../lib/gcc/avr/4.3.3/avr6\libgcc.a(_exit.o)
 .bss           0x00800295        0x0 c:/winavr-20100110/bin/../lib/gcc/avr/4.3.3/avr6\libgcc.a(_clear_bss.o)
 .bss           0x00800295        0x0 c:/winavr-20100110/bin/../lib/gcc/avr/4.3.3/avr6\libgcc.a(_udivmodsi4.o)
 *(.bss*)
 *(COMMON)
 COMMON         0x00800295        0x0 p11.o
 COMMON         0x00800295       0x84 uart.o
                0x00800295                output_queue
                0x008002d7                input_queue
 COMMON         0x00800319       0x64 Timer.o
                0x00800319                cad
 COMMON         0x0080037d        0xc songs.o
                0x0080037d                current_song
                0x00800389                PROVIDE (__bss_end, .)
                0x00001f8a                __data_load_start = LOADADDR (.data)
                0x0000200c                __data_load_end = (__data_load_start + SIZEOF (.data))

.noinit         0x00800389        0x0
                0x00800389                PROVIDE (__noinit_start, .)
 *(.noinit*)
                0x00800389                PROVIDE (__noinit_end, .)
                0x00800389                _end = .
                0x00800389                PROVIDE (__heap_start, .)

.eeprom         0x00810000        0x0
 *(.eeprom*)
                0x00810000                __eeprom_end = .

.fuse
 *(.fuse)
 *(.lfuse)
 *(.hfuse)
 *(.efuse)

.lock
 *(.lock*)

.signature
 *(.signature*)

.stab
 *(.stab)

.stabstr
 *(.stabstr)

.stab.excl
 *(.stab.excl)

.stab.exclstr
 *(.stab.exclstr)

.stab.index
 *(.stab.index)

.stab.indexstr
 *(.stab.indexstr)

.comment
 *(.comment)

.debug
 *(.debug)

.line
 *(.line)

.debug_srcinfo
 *(.debug_srcinfo)

.debug_sfnames
 *(.debug_sfnames)

.debug_aranges  0x00000000       0x80
 *(.debug_aranges)
 .debug_aranges
                0x00000000       0x20 p11.o
 .debug_aranges
                0x00000020       0x20 uart.o
 .debug_aranges
                0x00000040       0x20 Timer.o
 .debug_aranges
                0x00000060       0x20 button.o

.debug_pubnames
                0x00000000      0x307
 *(.debug_pubnames)
 .debug_pubnames
                0x00000000       0x2d p11.o
 .debug_pubnames
                0x0000002d      0x107 uart.o
 .debug_pubnames
                0x00000134       0xe5 Timer.o
 .debug_pubnames
                0x00000219       0x43 button.o
 .debug_pubnames
                0x0000025c       0xab songs.o

.debug_info     0x00000000      0xe5e
 *(.debug_info)
 .debug_info    0x00000000      0x15c p11.o
 .debug_info    0x0000015c      0x58c uart.o
 .debug_info    0x000006e8      0x388 Timer.o
 .debug_info    0x00000a70      0x18a button.o
 .debug_info    0x00000bfa      0x264 songs.o
 *(.gnu.linkonce.wi.*)

.debug_abbrev   0x00000000      0x516
 *(.debug_abbrev)
 .debug_abbrev  0x00000000       0xc5 p11.o
 .debug_abbrev  0x000000c5      0x158 uart.o
 .debug_abbrev  0x0000021d      0x14c Timer.o
 .debug_abbrev  0x00000369       0xf5 button.o
 .debug_abbrev  0x0000045e       0xb8 songs.o

.debug_line     0x00000000      0xb3b
 *(.debug_line)
 .debug_line    0x00000000      0x17d p11.o
 .debug_line    0x0000017d      0x514 uart.o
 .debug_line    0x00000691      0x2af Timer.o
 .debug_line    0x00000940      0x128 button.o
 .debug_line    0x00000a68       0xd3 songs.o

.debug_frame    0x00000000      0x1a0
 *(.debug_frame)
 .debug_frame   0x00000000       0x20 p11.o
 .debug_frame   0x00000020       0xf0 uart.o
 .debug_frame   0x00000110       0x60 Timer.o
 .debug_frame   0x00000170       0x30 button.o

.debug_str      0x00000000      0x278
 *(.debug_str)
 .debug_str     0x00000000       0xf0 p11.o
                                0x129 (size before relaxing)
 .debug_str     0x000000f0       0xf2 Timer.o
                                0x1fc (size before relaxing)
 .debug_str     0x000001e2       0x55 button.o
                                0x146 (size before relaxing)
 .debug_str     0x00000237       0x41 songs.o
                                0x179 (size before relaxing)

.debug_loc
 *(.debug_loc)

.debug_macinfo
 *(.debug_macinfo)
OUTPUT(p11.elf elf32-avr)
LOAD linker stubs
